// Jest Snapshot v1, https://goo.gl/fbAQLP

exports[`FilterSet should render without error in "debug" mode 1`] = `
"<div className=\\"filters__set\\">
  <TextInput handleFilterChange={[Function: mockConstructor]} filterValues={{...}} label=\\"Search terms\\" filter=\\"search\\" />
  <DateRangeInput handleFilterChange={[Function: mockConstructor]} filterValues={{...}} label=\\"Took place between\\" filter=\\"date\\" />
</div>"
`;
