// Jest Snapshot v1, https://goo.gl/fbAQLP

exports[`FiltersCategorySelection should render without error in "debug" mode 1`] = `
"<div className=\\"filters__category-selection\\">
  <div className=\\"filters__text\\">
    Limit to
  </div>
  <ul className=\\"filters__categories\\">
    <li className=\\"filters__category filters__category--active\\" onClick={[Function: bound mockConstructor]}>
      Leak Case
    </li>
    <li className=\\"filters__category\\" onClick={[Function: bound mockConstructor]}>
      Prior Restraint
    </li>
    <li className=\\"filters__category\\" onClick={[Function: bound mockConstructor]}>
      Other Incident
    </li>
    <li className=\\"filters__category\\" onClick={[Function: bound mockConstructor]}>
      Arrest / Criminal Charge
    </li>
    <li className=\\"filters__category\\" onClick={[Function: bound mockConstructor]}>
      Physical Attack
    </li>
  </ul>
</div>"
`;
