// Jest Snapshot v1, https://jestjs.io/docs/snapshot-testing

exports[`renders Autocomplete with mocked data 1`] = `
<DocumentFragment>
  <input
    autocomplete="off"
    class="text-field--single"
    id="id_test autocomplete"
    name="test autocomplete"
    placeholder="test"
    type="text"
    value=""
  />
</DocumentFragment>
`;
