// Jest Snapshot v1, https://jestjs.io/docs/snapshot-testing

exports[`renders BarChartYears with mocked data 1`] = `
<DocumentFragment>
  <div
    style="flex-direction: row; margin-bottom: 10px;"
  >
    <svg
      height="520"
      style="font-family: var(--font-mono);"
      width="480"
    >
      <g />
      <g />
      <g>
        <g />
        <text
          style="font-size: 12px; font-family: var(--font-base);"
          x="215.5"
          y="520"
        >
          2012
        </text>
      </g>
      <g />
    </svg>
  </div>
</DocumentFragment>
`;
