// Jest Snapshot v1, https://jestjs.io/docs/snapshot-testing

exports[`renders BarChart with mocked data 1`] = `
<DocumentFragment>
  <svg
    aria-labelledby=""
    style="margin: 0px 2px 0px 0px; display: block;"
    viewBox="0,0,480,500"
    width="100%"
  >
    <g>
      <g />
      <g />
    </g>
    <g />
    <g
      style="pointer-events: auto;"
    >
      <a
        aria-label="Nov: 0 incidents"
        role="link"
      >
        <rect
          height="0"
          shape-rendering="crispEdges"
          style="opacity: 0; cursor: inherit;"
          width="68.33333333333333"
          x="20"
          y="460"
        >
          <title>
            Nov: 0 incidents
          </title>
        </rect>
      </a>
    </g>
    <g
      style="pointer-events: auto;"
    >
      <a
        aria-label="Dec: 0 incidents"
        role="link"
      >
        <rect
          height="0"
          shape-rendering="crispEdges"
          style="opacity: 0; cursor: inherit;"
          width="68.33333333333333"
          x="88.33333333333333"
          y="460"
        >
          <title>
            Dec: 0 incidents
          </title>
        </rect>
      </a>
    </g>
    <g
      style="pointer-events: auto;"
    >
      <a
        aria-label="Jan: 0 incidents"
        role="link"
      >
        <rect
          height="0"
          shape-rendering="crispEdges"
          style="opacity: 0; cursor: inherit;"
          width="68.33333333333333"
          x="156.66666666666666"
          y="460"
        >
          <title>
            Jan: 0 incidents
          </title>
        </rect>
      </a>
    </g>
    <g
      style="pointer-events: auto;"
    >
      <a
        aria-label="Feb: 0 incidents"
        role="link"
      >
        <rect
          height="0"
          shape-rendering="crispEdges"
          style="opacity: 0; cursor: inherit;"
          width="68.33333333333333"
          x="225"
          y="460"
        >
          <title>
            Feb: 0 incidents
          </title>
        </rect>
      </a>
    </g>
    <g
      style="pointer-events: auto;"
    >
      <a
        aria-label="Mar: 0 incidents"
        role="link"
      >
        <rect
          height="0"
          shape-rendering="crispEdges"
          style="opacity: 0; cursor: inherit;"
          width="68.33333333333333"
          x="293.3333333333333"
          y="460"
        >
          <title>
            Mar: 0 incidents
          </title>
        </rect>
      </a>
    </g>
    <g
      style="pointer-events: auto;"
    >
      <a
        aria-label="Apr: 0 incidents"
        role="link"
      >
        <rect
          height="0"
          shape-rendering="crispEdges"
          style="opacity: 0; cursor: inherit;"
          width="68.33333333333333"
          x="361.66666666666663"
          y="460"
        >
          <title>
            Apr: 0 incidents
          </title>
        </rect>
      </a>
    </g>
    <g />
  </svg>
</DocumentFragment>
`;
