// Jest Snapshot v1, https://jestjs.io/docs/snapshot-testing

exports[`renders ButtonsRow with mocked data 1`] = `
<DocumentFragment>
  <div
    style="display: flex; align-items: center; margin: 12px;"
  >
    <div
      style="font-family: var(--font-base); font-size: 18px;"
    >
      test
    </div>
    <div
      style="margin-left: 10px;"
    >
      <button
        class="btn btn-bordered"
        style="margin-bottom: 3px; background-color: white; color: black; cursor: pointer; min-width: 50px;"
      >
        <p
          style="margin: 0px; font-family: var(--font-base); font-size: 14px; font-weight: 500;"
        >
          test1
        </p>
      </button>
      <button
        class="btn btn-bordered"
        style="margin-bottom: 3px; background-color: white; color: black; cursor: pointer; min-width: 50px;"
      >
        <p
          style="margin: 0px; font-family: var(--font-base); font-size: 14px; font-weight: 500;"
        >
          test2
        </p>
      </button>
    </div>
  </div>
</DocumentFragment>
`;
