// Jest Snapshot v1, https://jestjs.io/docs/snapshot-testing

exports[`renders Button with mocked data 1`] = `
<DocumentFragment>
  <button
    class="btn btn-bordered"
    style="margin-bottom: 3px; background-color: white; color: black; cursor: pointer; min-width: 50px;"
  >
    <p
      style="margin: 0px; font-family: var(--font-base); font-size: 14px; font-weight: 500;"
    >
      test
    </p>
  </button>
</DocumentFragment>
`;
