// Jest Snapshot v1, https://jestjs.io/docs/snapshot-testing

exports[`renders CategoryPageChart with mocked data 1`] = `
<DocumentFragment>
  <div
    style="width: 100%;"
  >
    <div
      class="flashing flashing--off"
    >
      <div
        class="cpChartContainer"
        style="width: 0px;"
      >
        <div
          class="cpChart"
        >
          <div
            class="chartDescription"
            id="category-page-chart-label"
          >
            Number of test incidents per year.
          </div>
        </div>
      </div>
    </div>
  </div>
</DocumentFragment>
`;
