// Jest Snapshot v1, https://jestjs.io/docs/snapshot-testing

exports[`renders CategorySection with mocked data 1`] = `
<DocumentFragment>
  <div
    class="category-checkbox"
  >
    <input
      class="category-checkbox--input"
      id="test"
      type="checkbox"
    />
    <label
      class="category-checkbox--label"
      for="test"
    >
      <span
        class="category category-test"
      >
        test
      </span>
      <span>
        2
      </span>
    </label>
  </div>
</DocumentFragment>
`;
