// Jest Snapshot v1, https://jestjs.io/docs/snapshot-testing

exports[`renders CategoryFilter with mocked data 1`] = `
<DocumentFragment>
  <div
    class="filters__form--fieldset"
  >
    <div
      class="category-graph"
    >
      <p
        class="category-graph--label"
        id="categories-graph-label"
      >
        Filter by one or more categories
      </p>
      <svg
        aria-labelledby="categories-graph-label"
        class="category-graph--figure"
        height="500"
        style="font-family: var(--font-mono);"
        width="500"
      >
        <g />
        <g />
        <g />
        <g>
          <foreignobject
            height="14"
            opacity="0.3"
            transform="translate(0, -7)"
            width="14"
            x="242.25"
            y="485"
          >
            <div
              class="category category-test-def"
            />
          </foreignobject>
        </g>
        <g>
          <foreignobject
            height="14"
            opacity="1"
            transform="translate(0, -7)"
            width="14"
            x="9.75"
            y="485"
          >
            <div
              class="category category-undefined"
            />
          </foreignobject>
        </g>
      </svg>
    </div>
    <div
      class="category-checkbox category-checkbox--disabled"
    >
      <input
        class="category-checkbox--input"
        id="test-def"
        type="checkbox"
      />
      <label
        class="category-checkbox--label"
        for="test-def"
      >
        <span
          class="category category-test-def"
        >
          test-def
        </span>
        <span>
          0
        </span>
      </label>
    </div>
  </div>
</DocumentFragment>
`;
