// Jest Snapshot v1, https://jestjs.io/docs/snapshot-testing

exports[`renders CheckBoxesYear with mocked data 1`] = `
<DocumentFragment>
  <div
    style="width: 500px; display: flex; flex-direction: column;"
  >
    <div>
      <div
        style="display: flex; flex-direction: row; justify-content: space-between;"
      >
        <div
          style="display: flex; flex-direction: row; font-size: 14px; align-items: center; margin-bottom: 16px;"
        >
          <input
            checked=""
            style="width: 20px; height: 20px;"
            type="checkbox"
          />
          <div
            style="flex-direction: row; margin-left: 10px; font-family: var(--font-base);"
          >
            2020
          </div>
        </div>
        <div
          style="display: flex; font-size: 12px; height: 15px; font-family: Helvetica Neue; background-color: rgb(242, 252, 103); padding: 3px;"
        />
      </div>
    </div>
  </div>
</DocumentFragment>
`;
