// Jest Snapshot v1, https://goo.gl/fbAQLP

exports[`renders FilterSidebar with mocked data 1`] = `
<FiltersIntegration
  dataset={
    [
      {
        "categories": "Arrest / Criminal Charge",
        "city": "Thomasland",
        "date": "2023-02-12T00:00:00.000Z",
        "latitude": null,
        "longitude": null,
        "state": "ID",
        "tags": "lemur",
      },
      {
        "categories": "Arrest / Criminal Charge",
        "city": "New Brooke",
        "date": "2022-10-23T00:00:00.000Z",
        "latitude": null,
        "longitude": null,
        "state": "NC",
        "tags": "baboon",
      },
      {
        "categories": "Equipment Search or Seizure",
        "city": "East Mary",
        "date": "2022-05-12T00:00:00.000Z",
        "latitude": null,
        "longitude": null,
        "state": "CT",
        "tags": "civet",
      },
    ]
  }
  filters={
    [
      {
        "filters": [
          {
            "name": "search",
            "title": "Search terms",
            "type": "text",
          },
          {
            "name": "date",
            "title": "Took place",
            "type": "date",
          },
          {
            "name": "recently_updated",
            "title": "Updated in the last",
            "type": "int",
            "units": "days",
          },
          {
            "name": "city",
            "title": "City",
            "type": "text",
          },
          {
            "autocomplete_type": "incident.State",
            "choices": [
              "Alaska",
              "Alabama",
              "Arkansas",
              "American Samoa",
              "Arizona",
              "California",
              "Colorado",
              "Connecticut",
              "District of Columbia",
              "Delaware",
              "Florida",
              "Georgia",
              "Guam",
              "Hawaii",
              "Iowa",
              "Idaho",
              "Illinois",
              "Indiana",
              "Kansas",
              "Kentucky",
              "Louisiana",
              "Massachusetts",
              "Maryland",
              "Maine",
              "Michigan",
              "Minnesota",
              "Missouri",
              "Northern Mariana Islands",
              "Mississippi",
              "Montana",
              "North Carolina",
              "North Dakota",
              "Nebraska",
              "New Hampshire",
              "New Jersey",
              "New Mexico",
              "Nevada",
              "New York",
              "Ohio",
              "Oklahoma",
              "Oregon",
              "Pennsylvania",
              "Puerto Rico",
              "Rhode Island",
              "South Carolina",
              "South Dakota",
              "Tennessee",
              "Texas",
              "Utah",
              "Virginia",
              "Virgin Islands",
              "Vermont",
              "Washington",
              "Wisconsin",
              "West Virginia",
              "Wyoming",
            ],
            "many": false,
            "name": "state",
            "title": "State",
            "type": "autocomplete",
          },
          {
            "autocomplete_type": "incident.Journalist",
            "choices": [
              "Abigail Peterson",
              "Adam Buchanan",
              "Adam Lopez MD",
              "Alicia Savage",
              "Amanda Rosales",
              "Angela Davis",
              "Angela Johnson",
              "Anthony Black",
              "Anthony Ellison",
              "Anthony Poole",
              "April Olson",
              "Ariel Hill",
              "Austin Henry",
              "Brandi White",
              "Candace Glover",
              "Carl Hall",
              "Cassie Wall",
              "Catherine Young",
              "Chad Woodard",
              "Charles Jacobs",
              "Cheryl Khan",
              "Christina Ingram",
              "Christina Sparks",
              "Christopher Reyes",
              "Christopher Taylor",
              "Cody Harris",
              "Craig Ray",
              "Crystal Hayes",
              "Cynthia Jones",
              "Daniel Andrews",
              "Danny Todd",
              "David Atkins",
              "David Gomez",
              "David Johnson",
              "Deborah Fisher",
              "Debra Jacobs",
              "Dustin Paul",
              "Dwayne Mcdowell",
              "Elizabeth Thomas",
              "Emily Schultz",
              "Frederick Gardner",
              "Gina Carr",
              "Greg Gilbert",
              "Hannah Kennedy",
              "Heather Torres",
              "Jacob Daniels",
              "James Hughes",
              "James Johnson",
              "James Kemp",
              "Jane Davis",
              "Jason Lane",
              "Jennifer Coleman",
              "Jerry Higgins",
              "Jesse Alvarez",
              "Joel Dean",
              "Joel Wright",
              "Jonathan Brown",
              "Jonathan Reynolds",
              "Jonathan Stone",
              "Jose Henry",
              "Joseph Perez",
              "Joseph Taylor",
              "Joshua Murray",
              "Justin Miller",
              "Kathy Chaney",
              "Kevin Bright",
              "Kevin Simon",
              "Kimberly Baker",
              "Kimberly Wong",
              "Kristin Williamson",
              "Larry Rose",
              "Leslie Kaiser",
              "Linda Robinson",
              "Lisa Carroll",
              "Lisa Rivas",
              "Lori Blackwell",
              "Martin Lopez",
              "Matthew Gonzalez",
              "Melissa Cooley",
              "Michael Oneill MD",
              "Michelle Johnson",
              "Miguel Flores",
              "Miguel Fowler",
              "Molly Burns",
              "Mr. Andrew Smith",
              "Nancy Beasley",
              "Nancy Hahn",
              "Natalie Keller",
              "Nathan Robertson",
              "Nicholas Burns",
              "Olivia Santiago",
              "Paul Morton",
              "Raymond Clark",
              "Raymond Moore",
              "Reginald Snow",
              "Richard Howell",
              "Robert Garcia",
              "Samantha Harris",
              "Sandra Kline",
              "Sarah Harrell",
              "Shawn Pineda",
              "Shelby Turner",
              "Susan Henderson",
              "Tara Peterson",
              "Taylor Johnson",
              "Timothy Spencer",
              "Timothy Walker",
              "Todd Smith",
              "Troy Long",
              "Vincent Reed",
              "Willie Jensen",
              "Wyatt Wood",
            ],
            "many": true,
            "name": "targeted_journalists",
            "title": "Targeted any of these journalists",
            "type": "autocomplete",
          },
          {
            "autocomplete_type": "incident.Institution",
            "choices": [
              "The Aaronmouth Post 141",
              "The Alexanderbury Sun 191",
              "The Alexisberg Post 155",
              "The Amberport Tribune 100",
              "The Andrewview Tribune 39",
              "The Annaberg Tribune 145",
              "The Anneside Post 41",
              "The Ashleymouth Tribune 184",
              "The Austinborough Sun 164",
              "The Banksberg Herald 142",
              "The Batesland Post 126",
              "The Beckyview Daily News 128",
              "The Bellburgh Post 135",
              "The Benderton Sun 102",
              "The Bethfort Daily News 7",
              "The Blevinsland Tribune 200",
              "The Bobbymouth Tribune 170",
              "The Bradleyshire Herald 198",
              "The Brittanyshire Sun 74",
              "The Brownview Daily News 148",
              "The Bryantmouth Daily News 11",
              "The Burtonview Daily News 207",
              "The Byrdbury Herald 26",
              "The Candiceburgh Post 193",
              "The Chanfurt Daily News 157",
              "The Chavezfurt Post 38",
              "The Cortezburgh Daily News 121",
              "The Crystalburgh Daily News 223",
              "The Daleton Sun 34",
              "The Danielchester Daily News 14",
              "The Danielfurt Tribune 225",
              "The Davidchester Daily News 196",
              "The Davidport Herald 91",
              "The Davisland Tribune 125",
              "The Delacruzfort Post 119",
              "The East Autumnchester Daily News 4",
              "The East Cole Sun 1",
              "The East Cynthia Herald 144",
              "The East Cynthia Sun 62",
              "The East Deannaberg Post 45",
              "The East James Sun 9",
              "The East Joelport Sun 216",
              "The East Kendra Post 66",
              "The East Markborough Daily News 151",
              "The East Marktown Herald 167",
              "The East Stephanieberg Tribune 203",
              "The East Stephanieshire Herald 99",
              "The East Tammie Sun 6",
              "The East Walter Post 137",
              "The Ellisport Sun 199",
              "The Ericmouth Sun 153",
              "The Fostermouth Post 32",
              "The Francoburgh Tribune 63",
              "The Gaychester Tribune 175",
              "The Heathermouth Daily News 43",
              "The Henrymouth Post 75",
              "The Hernandezland Daily News 73",
              "The Hullside Sun 160",
              "The Hullville Post 93",
              "The Jacksonshire Sun 152",
              "The Jacksonstad Daily News 84",
              "The Jeffreyhaven Daily News 182",
              "The Jennahaven Sun 65",
              "The Johnberg Post 149",
              "The Josephberg Herald 204",
              "The Joshuastad Herald 143",
              "The Karenbury Herald 150",
              "The Karenview Post 0",
              "The Katherinefort Post 168",
              "The Kramerfurt Daily News 106",
              "The Lake Arianaborough Daily News 82",
              "The Lake Brad Post 134",
              "The Lake Christinechester Tribune 28",
              "The Lake Colinville Herald 165",
              "The Lake Courtney Herald 33",
              "The Lake Craig Daily News 37",
              "The Lake Edwardborough Tribune 20",
              "The Lake Eric Daily News 3",
              "The Lake Haroldfort Sun 215",
              "The Lake Holly Daily News 116",
              "The Lake Jacqueline Herald 173",
              "The Lake Joseph Sun 132",
              "The Lake Keithstad Post 139",
              "The Lake Larryfort Daily News 201",
              "The Lake Laurenbury Sun 181",
              "The Lake Mariestad Tribune 22",
              "The Lake Mistyfurt Herald 213",
              "The Lake Nicholas Daily News 44",
              "The Lake Paige Daily News 192",
              "The Lake Pamelaville Daily News 25",
              "The Lake Patrick Tribune 222",
              "The Lake Roy Sun 48",
              "The Lake Samanthastad Daily News 31",
              "The Lake Tracyborough Sun 104",
              "The Lake Victorville Daily News 103",
              "The Laurafurt Tribune 118",
              "The Lewistown Herald 15",
              "The Lisastad Tribune 176",
              "The Lisaville Sun 183",
              "The Loganmouth Post 188",
              "The Lucaschester Tribune 131",
              "The Lucerofort Herald 105",
              "The Marcusside Daily News 60",
              "The Marquezfurt Post 81",
              "The Martinstad Herald 67",
              "The Masonshire Herald 197",
              "The Mayside Tribune 123",
              "The Meganburgh Sun 16",
              "The Meganmouth Herald 127",
              "The Melissaburgh Sun 120",
              "The Michaelburgh Tribune 80",
              "The Michaelton Herald 212",
              "The Miguelfurt Sun 72",
              "The Millerhaven Tribune 161",
              "The Mooreport Post 55",
              "The Morganport Post 8",
              "The Muellerburgh Sun 206",
              "The Myersshire Tribune 70",
              "The New Alan Daily News 110",
              "The New Alex Tribune 162",
              "The New Amanda Herald 146",
              "The New Codyfort Herald 95",
              "The New Corey Tribune 209",
              "The New Erictown Daily News 210",
              "The New Hollyport Tribune 180",
              "The New Kimberlyburgh Herald 52",
              "The New Leslie Sun 98",
              "The New Patricia Post 163",
              "The New Paulside Herald 69",
              "The New Regina Herald 47",
              "The New Robert Post 147",
              "The New Sherryside Sun 50",
              "The New Susanview Herald 109",
              "The New Wendystad Daily News 57",
              "The North Carlaberg Sun 5",
              "The North Christopherland Post 30",
              "The North Christopher Tribune 186",
              "The North Danielle Post 185",
              "The North David Herald 208",
              "The North Dwayne Sun 83",
              "The North Emilyborough Daily News 79",
              "The North Jennifer Tribune 217",
              "The North Kathleen Post 136",
              "The North Kenneth Sun 96",
              "The North Kristenburgh Herald 12",
              "The North Peterfurt Herald 78",
              "The North Petermouth Post 169",
              "The North Saraburgh Sun 90",
              "The North Steveview Tribune 194",
              "The North Susan Herald 53",
              "The Patrickbury Post 166",
              "The Patricktown Daily News 94",
              "The Phillipmouth Sun 124",
              "The Pittmantown Tribune 221",
              "The Port Brandon Herald 107",
              "The Port Carloston Sun 220",
              "The Port Christiantown Herald 64",
              "The Port David Post 23",
              "The Port Jillian Herald 24",
              "The Port Lauren Herald 17",
              "The Port Lauriefurt Sun 219",
              "The Port Michael Sun 54",
              "The Port Michael Tribune 122",
              "The Port Michael Tribune 158",
              "The Port Patricia Herald 10",
              "The Port Teresastad Sun 92",
              "The Port Timothyburgh Post 21",
              "The Port Zachary Sun 49",
              "The Ramirezmouth Herald 129",
              "The Rayhaven Sun 29",
              "The Richardshire Post 195",
              "The Rickyborough Daily News 154",
              "The Rossport Post 117",
              "The Saundersfurt Tribune 35",
              "The Scottmouth Tribune 115",
              "The Scottview Herald 112",
              "The Shawburgh Post 172",
              "The Silvaport Daily News 56",
              "The South Carlos Herald 190",
              "The South Cheryl Post 113",
              "The South Crystal Post 68",
              "The South Cynthiamouth Sun 71",
              "The South Danielle Daily News 46",
              "The South Donaldview Sun 156",
              "The South Edward Daily News 59",
              "The South Frank Tribune 40",
              "The South Jacobfurt Sun 86",
              "The South Johnfort Tribune 130",
              "The South Justin Sun 171",
              "The South Kristinhaven Daily News 97",
              "The South Madelinehaven Herald 51",
              "The South Mariaburgh Herald 13",
              "The South Mark Tribune 189",
              "The South Nicholas Sun 111",
              "The South Rickyside Sun 85",
              "The South Sabrinaborough Tribune 187",
              "The South Sarah Herald 101",
              "The South Wesleyport Post 88",
              "The South Zachary Herald 19",
              "The Suarezport Sun 174",
              "The Tammychester Herald 114",
              "The Torresbury Herald 224",
              "The Trevortown Tribune 42",
              "The Wadeton Post 179",
              "The Wallaceshire Sun 36",
              "The Wellsborough Tribune 159",
              "The West Chloe Daily News 77",
              "The West Davidfurt Sun 61",
              "The West Garymouth Daily News 27",
              "The West George Post 2",
              "The West Heather Tribune 202",
              "The West Jameshaven Herald 133",
              "The West John Sun 138",
              "The West Kaitlynland Herald 89",
              "The West Karen Post 178",
              "The West Mariafurt Tribune 58",
              "The West Mark Herald 18",
              "The West Monica Post 87",
              "The West Patricia Tribune 140",
              "The West Tonyfort Herald 214",
              "The West Williamland Sun 108",
              "The Williamside Daily News 205",
              "The Wisechester Herald 211",
              "The Yoderchester Daily News 218",
              "The Yuside Herald 76",
              "The Zimmermanmouth Daily News 177",
            ],
            "many": true,
            "name": "targeted_institutions",
            "title": "Targeted Institutions",
            "type": "autocomplete",
          },
          {
            "autocomplete_type": "common.CommonTag",
            "choices": [
              "ammonites",
              "ants",
              "aphids",
              "baboon",
              "bamboo",
              "bees",
              "centipedes",
              "chrysanthemum",
              "civet",
              "clams",
              "copepods",
              "crabs",
              "crickets",
              "crocodiles",
              "cuttlefish",
              "doves",
              "dragonflies",
              "echidna",
              "ferns",
              "flamingoes",
              "flowers",
              "geckoes",
              "hummingbirds",
              "hyena",
              "Important Animals",
              "kangaroo",
              "kiwis",
              "lemur",
              "lizards",
              "loris",
              "mantises",
              "mongoose",
              "moss",
              "nautiluses",
              "octopuses",
              "opossom",
              "orchid",
              "ostriches",
              "oysters",
              "platypus",
              "plum",
              "rabbits",
              "rodents",
              "seaweed",
              "shrews",
              "slugs",
              "snails",
              "snakes",
              "spiders",
              "squids",
              "stick insects",
              "storks",
              "tarsier",
              "termites",
              "tortoises",
              "trees",
              "turtles",
              "wombat",
            ],
            "many": true,
            "name": "tags",
            "title": "Has any of these tags",
            "type": "autocomplete",
          },
          {
            "name": "case_number",
            "title": "Case number",
            "type": "text",
          },
          {
            "choices": [
              [
                "CIVIL",
                "Civil",
              ],
              [
                "CLASS_ACTION",
                "Class Action",
              ],
            ],
            "name": "case_type",
            "title": "Type of case",
            "type": "choice",
          },
          {
            "choices": [
              [
                "ONGOING",
                "ongoing",
              ],
              [
                "SETTLED",
                "settled",
              ],
              [
                "DISMISSED",
                "dismissed",
              ],
              [
                "UNKNOWN",
                "unknown",
              ],
              [
                "APPEALED",
                "appealed",
              ],
            ],
            "name": "case_statuses",
            "title": "Legal case statuses",
            "type": "choice",
          },
        ],
        "id": -1,
        "title": "General",
      },
      {
        "filters": [
          {
            "choices": [
              [
                "UNKNOWN",
                "unknown",
              ],
              [
                "DETAINED_NO_PROCESSING",
                "detained and released without being processed",
              ],
              [
                "DETAINED_CUSTODY",
                "detained and still in custody",
              ],
              [
                "ARRESTED_CUSTODY",
                "arrested and still in custody",
              ],
              [
                "ARRESTED_RELEASED",
                "arrested and released",
              ],
              [
                "CHARGED_WITHOUT_ARREST",
                "charged without arrest",
              ],
            ],
            "name": "arrest_status",
            "title": "Arrest status",
            "type": "choice",
          },
          {
            "autocomplete_type": "incident.LawEnforcementOrganization",
            "choices": [
              "Aaronstad Security Forces",
              "Adamsside Security Forces",
              "Ambertown Military Police",
              "Amyside Police Squad",
              "Armstrongton Public Safety Officers",
              "Boonefurt Police Squad",
              "Bradleyland Police Department",
              "Buchananfort Police Squad",
              "Charlesberg Police Squad",
              "Comptonburgh Security Forces",
              "Copelandchester State Troopers",
              "Danielsville Military Police",
              "Davenportport Courthouse Security",
              "Deborahfort Sheriff's Department",
              "Duffyview Police Department",
              "East Amyport Public Safety Officers",
              "East Davidtown Police Department",
              "East Marymouth State Troopers",
              "East Michaelstad Police Department",
              "East Patrickchester Rangers",
              "East Peter State Troopers",
              "East Sarah Police Department",
              "East Sean Courthouse Security",
              "East Tinafurt Military Police",
              "East William Courthouse Security",
              "Farrellberg Police Department",
              "Frankton Security Forces",
              "Georgeland Sheriff's Department",
              "Harrellmouth Rangers",
              "Hayesside Rangers",
              "Jenkinsside Police Squad",
              "Jenniferport State Troopers",
              "Jerrytown Sheriff's Department",
              "Johnburgh Courthouse Security",
              "Johnmouth Public Safety Officers",
              "Johnsonfort State Troopers",
              "Jonathanville Police Department",
              "Joshuafurt Security Forces",
              "Joshuamouth Sheriff's Department",
              "Kellymouth Police Department",
              "Kramerview Security Forces",
              "Kristinton State Troopers",
              "Lake Ashleyville Military Police",
              "Lake Blake State Troopers",
              "Lake Eric Police Department",
              "Lake Eric Police Squad",
              "Lake Lynn Sheriff's Department",
              "Lake Rebecca Police Squad",
              "Lake Stephaniefort Sheriff's Department",
              "Langchester Sheriff's Department",
              "Lindseybury Rangers",
              "Mcintyrefurt State Patrol",
              "Melindaburgh Public Safety Officers",
              "Mendozatown State Troopers",
              "Morsehaven Rangers",
              "New Adrian Sheriff's Department",
              "New Briannatown State Troopers",
              "New Carolyn Military Police",
              "New Deannastad State Patrol",
              "New Duane Sheriff's Department",
              "New Lauren Courthouse Security",
              "New Marciaton Police Squad",
              "New Stephanieland Rangers",
              "North Alyssatown Security Forces",
              "North Amanda State Patrol",
              "North Ashley Police Department",
              "North Carolynville Police Department",
              "North Julie Police Squad",
              "North Kyle Public Safety Officers",
              "North Lauren Courthouse Security",
              "North Margaret Public Safety Officers",
              "North Michael Police Squad",
              "North Pamelaville Rangers",
              "North Sydneybury Courthouse Security",
              "Owensshire Military Police",
              "Pagemouth State Patrol",
              "Palmerborough Sheriff's Department",
              "Petersenmouth State Troopers",
              "Pittmanville Police Squad",
              "Port Brianberg Military Police",
              "Port Jennifer Rangers",
              "Port Lauriehaven Rangers",
              "Port Marialand Military Police",
              "Port Samanthamouth Courthouse Security",
              "Port Stephenbury Police Squad",
              "Port Williamburgh State Troopers",
              "Powellland Military Police",
              "Pricetown State Troopers",
              "Raymondview State Troopers",
              "Sarahshire Police Squad",
              "South Ashley Military Police",
              "South Christine Military Police",
              "South Jacquelineton Police Squad",
              "South Lisamouth Rangers",
              "Stewartborough State Troopers",
              "Taylorside Military Police",
              "Tonymouth Military Police",
              "Troystad State Patrol",
              "West Dianebury Military Police",
              "West James Courthouse Security",
              "West Justin Security Forces",
              "West Kyletown Rangers",
              "West Meganbury Police Squad",
              "West Melissaview Security Forces",
              "West Nathan Police Squad",
              "West Paul Security Forces",
              "West Robertmouth Public Safety Officers",
              "West Sharimouth Sheriff's Department",
              "West Travis State Troopers",
              "Whiteborough Sheriff's Department",
              "Williamsville Courthouse Security",
              "Wilsonshire State Troopers",
            ],
            "many": false,
            "name": "arresting_authority",
            "title": "Arresting authority",
            "type": "autocomplete",
          },
          {
            "choices": [
              [
                "UNKNOWN",
                "unknown",
              ],
              [
                "NOT_CHARGED",
                "not charged",
              ],
              [
                "CHARGES_PENDING",
                "charges pending",
              ],
              [
                "CHARGES_DROPPED",
                "charges dropped",
              ],
              [
                "CONVICTED",
                "convicted",
              ],
              [
                "ACQUITTED",
                "acquitted",
              ],
              [
                "PENDING_APPEAL",
                "pending appeal",
              ],
            ],
            "name": "status_of_charges",
            "title": "Status of charges",
            "type": "choice",
          },
          {
            "name": "detention_date",
            "title": "Detention date",
            "type": "date",
          },
          {
            "name": "release_date",
            "title": "Release date",
            "type": "date",
          },
          {
            "name": "unnecessary_use_of_force",
            "title": "Unnecessary use of force?",
            "type": "bool",
          },
          {
            "autocomplete_type": "incident.Charge",
            "choices": [
              "antisocial bootlegging",
              "antisocial calumny",
              "antisocial cybercrime",
              "antisocial espionage",
              "antisocial hacking",
              "antisocial hooliganism",
              "antisocial misdeeds",
              "antisocial piracy",
              "antisocial plagiarism",
              "antisocial problematization",
              "antisocial tomfoolery",
              "corrupt bootlegging",
              "corrupt calumny",
              "corrupt cybercrime",
              "corrupt espionage",
              "corrupt forgery",
              "corrupt gambling",
              "corrupt hooliganism",
              "corrupt piracy",
              "corrupt problematization",
              "criminal bootlegging",
              "criminal espionage",
              "criminal forgery",
              "criminal hacking",
              "criminal piracy",
              "criminal plagiarism",
              "criminal tomfoolery",
              "false bootlegging",
              "false calumny",
              "false cybercrime",
              "false encryption",
              "false espionage",
              "false forgery",
              "false gambling",
              "false hacking",
              "false hooliganism",
              "false piracy",
              "false tomfoolery",
              "first-degree cybercrime",
              "first-degree encryption",
              "first-degree gambling",
              "first-degree hooliganism",
              "first-degree misdeeds",
              "first-degree piracy",
              "first-degree plagiarism",
              "first-degree tomfoolery",
              "malevolent bootlegging",
              "malevolent cybercrime",
              "malevolent encryption",
              "malevolent forgery",
              "malevolent hooliganism",
              "malevolent piracy",
              "malevolent problematization",
              "misdemeanor bootlegging",
              "misdemeanor calumny",
              "misdemeanor cybercrime",
              "misdemeanor forgery",
              "misdemeanor gambling",
              "misdemeanor graffiti",
              "misdemeanor hacking",
              "misdemeanor problematization",
              "misdemeanor tomfoolery",
              "negligent bootlegging",
              "negligent calumny",
              "negligent cybercrime",
              "negligent forgery",
              "negligent gambling",
              "negligent graffiti",
              "negligent hacking",
              "negligent hooliganism",
              "negligent misdeeds",
              "negligent piracy",
              "negligent plagiarism",
              "negligent tomfoolery",
              "scary calumny",
              "scary espionage",
              "scary forgery",
              "scary graffiti",
              "scary hacking",
              "scary hooliganism",
              "scary piracy",
              "scary plagiarism",
              "scary problematization",
              "second-degree bootlegging",
              "second-degree gambling",
              "second-degree graffiti",
              "second-degree hacking",
              "second-degree hooliganism",
              "second-degree misdeeds",
              "sneaky bootlegging",
              "sneaky cybercrime",
              "sneaky espionage",
              "sneaky forgery",
              "sneaky gambling",
              "sneaky hooliganism",
              "sneaky piracy",
              "sneaky tomfoolery",
              "third-degree bootlegging",
              "third-degree calumny",
              "third-degree cybercrime",
              "third-degree espionage",
              "third-degree forgery",
              "third-degree graffiti",
              "third-degree misdeeds",
              "third-degree plagiarism",
              "threatening cybercrime",
              "threatening hooliganism",
              "threatening misdeeds",
              "threatening piracy",
              "threatening problematization",
              "transgressive cybercrime",
              "transgressive encryption",
              "transgressive forgery",
              "transgressive gambling",
              "transgressive graffiti",
              "transgressive hacking",
              "transgressive misdeeds",
              "transgressive problematization",
              "transgressive tomfoolery",
              "underworld bootlegging",
              "underworld calumny",
              "underworld encryption",
              "underworld espionage",
              "underworld gambling",
              "underworld graffiti",
              "underworld hacking",
              "underworld hooliganism",
              "underworld misdeeds",
              "underworld piracy",
              "underworld plagiarism",
              "underworld problematization",
              "underworld tomfoolery",
              "unlawful cybercrime",
              "unlawful forgery",
              "unlawful hooliganism",
              "unlawful piracy",
              "unlawful tomfoolery",
              "unprecedented bootlegging",
              "unprecedented encryption",
              "unprecedented espionage",
              "unprecedented forgery",
              "unprecedented graffiti",
              "unprecedented misdeeds",
              "unprecedented piracy",
              "zeroth-degree calumny",
              "zeroth-degree cybercrime",
              "zeroth-degree espionage",
              "zeroth-degree forgery",
              "zeroth-degree hooliganism",
              "zeroth-degree misdeeds",
              "zeroth-degree plagiarism",
              "zeroth-degree tomfoolery",
            ],
            "name": "charges",
            "title": "Charges",
            "type": "autocomplete",
          },
        ],
        "id": 4,
        "symbol": "arrest",
        "title": "Arrest / Criminal Charge",
        "url": "/arrest-criminal-charge/",
      },
      {
        "filters": [
          {
            "name": "border_point",
            "title": "Border point",
            "type": "text",
          },
          {
            "name": "stopped_at_border",
            "title": "Stopped at border?",
            "type": "bool",
          },
          {
            "name": "stopped_previously",
            "title": "Stopped previously?",
            "type": "bool",
          },
          {
            "choices": [
              [
                "US_CITIZEN",
                "U.S. citizen",
              ],
              [
                "PERMANENT_RESIDENT",
                "U.S. permanent resident (green card)",
              ],
              [
                "NON_RESIDENT",
                "U.S. non-resident",
              ],
            ],
            "name": "target_us_citizenship_status",
            "title": "US Citizenship Status",
            "type": "choice",
          },
          {
            "name": "denial_of_entry",
            "title": "Denied entry?",
            "type": "bool",
          },
          {
            "autocomplete_type": "incident.Nationality",
            "choices": [
              "Afghanistan",
              "Andorra",
              "Anguilla",
              "Antarctica (the territory South of 60 deg S)",
              "Bahamas",
              "Belarus",
              "Belize",
              "Benin",
              "Bosnia and Herzegovina",
              "Brunei Darussalam",
              "Burkina Faso",
              "Cameroon",
              "Central African Republic",
              "Comoros",
              "Congo",
              "Cook Islands",
              "Costa Rica",
              "Cote d'Ivoire",
              "Croatia",
              "Cyprus",
              "Denmark",
              "Ecuador",
              "Equatorial Guinea",
              "Estonia",
              "Faroe Islands",
              "France",
              "French Southern Territories",
              "Ghana",
              "Gibraltar",
              "Greece",
              "Greenland",
              "Grenada",
              "Guadeloupe",
              "Guatemala",
              "Guinea",
              "Heard Island and McDonald Islands",
              "Holy See (Vatican City State)",
              "Hong Kong",
              "India",
              "Iraq",
              "Ireland",
              "Isle of Man",
              "Italy",
              "Jersey",
              "Kazakhstan",
              "Korea",
              "Kyrgyz Republic",
              "Lao People's Democratic Republic",
              "Lesotho",
              "Lithuania",
              "Macao",
              "Macedonia",
              "Malaysia",
              "Mali",
              "Marshall Islands",
              "Mauritania",
              "Montenegro",
              "Morocco",
              "Nepal",
              "Netherlands",
              "Netherlands Antilles",
              "New Caledonia",
              "Nicaragua",
              "Nigeria",
              "Pakistan",
              "Paraguay",
              "Peru",
              "Pitcairn Islands",
              "Poland",
              "Portugal",
              "Romania",
              "Saint Barthelemy",
              "Saint Helena",
              "Saint Martin",
              "Saint Pierre and Miquelon",
              "Samoa",
              "San Marino",
              "Sao Tome and Principe",
              "Saudi Arabia",
              "Serbia",
              "Seychelles",
              "Sierra Leone",
              "Sudan",
              "Swaziland",
              "Sweden",
              "Taiwan",
              "Trinidad and Tobago",
              "Tunisia",
              "Turkmenistan",
              "Uganda",
              "Ukraine",
              "United Kingdom",
              "Uruguay",
              "Venezuela",
              "Vietnam",
              "Zambia",
            ],
            "many": true,
            "name": "target_nationality",
            "title": "Target Nationality",
            "type": "autocomplete",
          },
          {
            "name": "did_authorities_ask_for_device_access",
            "title": "Did authorities ask for device access?",
            "type": "radio",
          },
          {
            "name": "did_authorities_ask_for_social_media_user",
            "title": "Did authorities ask for social media username?",
            "type": "radio",
          },
          {
            "name": "did_authorities_ask_for_social_media_pass",
            "title": "Did authorities ask for social media password?",
            "type": "radio",
          },
          {
            "name": "did_authorities_ask_about_work",
            "title": "Did authorities ask intrusive questions about journalist's work?",
            "type": "radio",
          },
          {
            "name": "were_devices_searched_or_seized",
            "title": "Were devices searched or seized?",
            "type": "radio",
          },
        ],
        "id": 5,
        "symbol": "border_stop",
        "title": "Border Stop",
        "url": "/border-stop/",
      },
      {
        "filters": [
          {
            "autocomplete_type": "incident.PoliticianOrPublic",
            "choices": [
              "Aaron Singleton",
              "Alexandra Pitts",
              "Alexis Patterson",
              "Alicia Merritt",
              "Amber Greene",
              "Amy Russell PhD",
              "Amy Smith",
              "Andre Cole",
              "Andre Gentry",
              "Andre Patterson",
              "Andrew Bass",
              "Andre Young",
              "Angela Davis",
              "Angela Finley",
              "Angela Patel",
              "Angie Mathis",
              "Ashley Villanueva",
              "Audrey Nguyen",
              "Bailey Bush",
              "Barbara Doyle",
              "Becky Rosales",
              "Billy Arellano",
              "Bradley Hughes",
              "Brenda Miller",
              "Brian Garrett",
              "Brian Smith",
              "Carl Daniel",
              "Casey Mccormick",
              "Cassidy Jones",
              "Charles Bailey",
              "Charles Palmer",
              "Charles Porter",
              "Charles Williams",
              "Christina Bauer",
              "Christina Jefferson",
              "Christine Brewer",
              "Christine Williams",
              "Christopher Gutierrez",
              "Christopher Reyes",
              "Christopher Torres",
              "Christy Hanson",
              "Cindy Grimes",
              "Cody Salas",
              "Connie Miller",
              "Crystal Edwards",
              "Cynthia Schaefer",
              "Dana Burgess",
              "Daniel Bryant",
              "Daniel Griffin",
              "Danielle Berry",
              "David Freeman",
              "David Nunez",
              "David Robinson",
              "David Taylor",
              "Dawn Smith",
              "Dawn Spencer",
              "Debra Grimes",
              "Debra Moses",
              "Dennis Burke",
              "Derek Buckley",
              "Derrick Burke",
              "Dillon Cline",
              "Donald Hunt",
              "Don Mooney",
              "Dr. Marc Ibarra",
              "Edward Small",
              "Edwin Archer",
              "Elizabeth Carroll",
              "Erica Smith",
              "Eric Hill",
              "Gabrielle Ruiz",
              "Gabriel Thompson",
              "Gene Wiggins",
              "Hannah Coleman",
              "Heather Rodriguez",
              "Heather Shaw",
              "Heather Wells",
              "Hector Weaver",
              "Ian Nichols",
              "Jacqueline Martinez",
              "James Mccall",
              "Jamie Alexander",
              "Jamie Newton",
              "Janet Castro",
              "Jared Martinez",
              "Jason Frazier",
              "Jason Johnson",
              "Jeanette Warren",
              "Jennifer Blevins",
              "Jennifer Davila",
              "Jerome Carpenter",
              "Jesse Edwards",
              "Jesse Johnson",
              "Jesse Rodriguez",
              "Jesse Stephens",
              "Jessica Berry",
              "Jessica Caldwell DVM",
              "Jill Hill",
              "Jill Kemp",
              "John Harris",
              "John Hernandez",
              "John Mcdonald",
              "John Nguyen",
              "John Williams",
              "Jonathan Callahan",
              "Jonathan Gonzalez",
              "Jonathan Scott",
              "Jorge Case",
              "Joseph Carr",
              "Joseph Clarke",
              "Joseph Hammond",
              "Joseph Johnson",
              "Juan Baldwin",
              "Julia Blackwell MD",
              "Julian Underwood",
              "Julia Parsons",
              "Julie Hamilton",
              "Julie Holden",
              "Julie Watson",
              "Justin Castaneda",
              "Karen Allen",
              "Karen Benson",
              "Kathleen Adams",
              "Kathryn Baker",
              "Kayla Vasquez",
              "Kenneth Flores",
              "Kevin Hubbard",
              "Kevin Miller",
              "Kiara Adams",
              "Kimberly Everett",
              "Kimberly Sawyer",
              "Kimberly Vaughn",
              "Kim Berry",
              "Kyle Fowler",
              "Kyle Lopez",
              "Larry Lewis",
              "Laura Berger",
              "Laura Castro",
              "Laura Rivera",
              "Lisa Patterson",
              "Lori Berry",
              "Lydia Soto",
              "Madison Berry",
              "Manuel Hunter",
              "Margaret Fuller",
              "Maria Wilson",
              "Mark Fletcher",
              "Mark Hall",
              "Mark Hardin",
              "Mary James",
              "Matthew Gentry",
              "Matthew Gonzales",
              "Matthew Smith",
              "Maureen Fisher",
              "Melanie Morris",
              "Melissa Floyd",
              "Michaela Williams",
              "Michael Barnett",
              "Michael Cruz",
              "Michael Diaz",
              "Michael Johnson",
              "Michael Ruiz",
              "Michelle Hines",
              "Miguel Parsons",
              "Morgan Booker",
              "Mr. Jason Haas",
              "Mr. Jeremy Johnson",
              "Mr. Michael Bailey",
              "Mrs. Amanda Russo",
              "Ms. Ashley Harris MD",
              "Nancy Jennings",
              "Natalie Vasquez",
              "Nicholas Rubio",
              "Nicole Li",
              "Nicole Mcgrath",
              "Nina Crosby",
              "Noah Kidd",
              "Patricia Casey",
              "Paul Garcia",
              "Peter Lee",
              "Peter Meyer",
              "Rachael Mitchell",
              "Randy Hogan",
              "Rebecca Foley",
              "Rebecca Wagner",
              "Regina Rubio",
              "Richard Foster",
              "Richard Kim",
              "Ricky Goodwin",
              "Rita Shelton",
              "Robert Hampton",
              "Robert Hernandez",
              "Rose Cox",
              "Samantha West",
              "Sarah Frye",
              "Scott Ashley",
              "Scott Hudson",
              "Sharon Martin",
              "Shawn Adkins",
              "Sheila Williams",
              "Sherry Chavez",
              "Sonya Swanson",
              "Stacy Hayes",
              "Stefanie Cortez",
              "Stephanie Anderson",
              "Stephanie Barnes",
              "Stephanie Mccoy",
              "Stephen Robinson",
              "Steven Nunez",
              "Steven Smith",
              "Steven Williams MD",
              "Susan Buchanan",
              "Susan Carr",
              "Susan Perkins",
              "Susan Walker",
              "Tammy Edwards",
              "Tammy Smith MD",
              "Tanya Bennett",
              "Theresa Simpson",
              "Troy Campbell",
              "Victoria Martinez",
              "Wendy Christensen",
              "Wendy Daniels",
              "William Garcia",
            ],
            "many": true,
            "name": "politicians_or_public_figures_involved",
            "title": "Government agency or public official involved",
            "type": "autocomplete",
          },
        ],
        "id": 6,
        "symbol": "denial_of_access",
        "title": "Denial of Access",
        "url": "/denial-access/",
      },
      {
        "filters": [
          {
            "autocomplete_type": "incident.Equipment",
            "choices": [
              "graph paper",
              "compass",
              "planimeter",
              "photometer",
              "protractor",
              "calculator",
              "timer",
              "abacus",
              "ruler",
              "hygrometer",
              "diffuser",
              "multimeter",
              "microscope",
            ],
            "many": true,
            "name": "equipment_seized",
            "title": "Equipment Seized",
            "type": "autocomplete",
          },
          {
            "choices": [
              [
                "UNKNOWN",
                "unknown",
              ],
              [
                "CUSTODY",
                "in custody",
              ],
              [
                "RETURNED_FULL",
                "returned in full",
              ],
              [
                "RETURNED_PART",
                "returned in part",
              ],
            ],
            "name": "status_of_seized_equipment",
            "title": "Status of seized equipment",
            "type": "choice",
          },
          {
            "name": "is_search_warrant_obtained",
            "title": "Search warrant obtained?",
            "type": "bool",
          },
          {
            "choices": [
              [
                "UNKNOWN",
                "unknown",
              ],
              [
                "LAW_ENFORCEMENT",
                "law enforcement",
              ],
              [
                "PRIVATE_SECURITY",
                "private security",
              ],
              [
                "POLITICIAN",
                "politician",
              ],
              [
                "PUBLIC_FIGURE",
                "public figure",
              ],
              [
                "PRIVATE_INDIVIDUAL",
                "private individual",
              ],
            ],
            "name": "actor",
            "title": "Actor",
            "type": "choice",
          },
        ],
        "id": 7,
        "symbol": "equipment_search",
        "title": "Equipment Search or Seizure",
        "url": "/equipment-search-seizure-or-damage/",
      },
      {
        "filters": [
          {
            "choices": [
              [
                "UNKNOWN",
                "unknown",
              ],
              [
                "LAW_ENFORCEMENT",
                "law enforcement",
              ],
              [
                "PRIVATE_SECURITY",
                "private security",
              ],
              [
                "POLITICIAN",
                "politician",
              ],
              [
                "PUBLIC_FIGURE",
                "public figure",
              ],
              [
                "PRIVATE_INDIVIDUAL",
                "private individual",
              ],
            ],
            "name": "assailant",
            "title": "Assailant",
            "type": "choice",
          },
          {
            "name": "was_journalist_targeted",
            "title": "Was journalist targeted?",
            "type": "radio",
          },
        ],
        "id": 8,
        "symbol": "assault",
        "title": "Assault",
        "url": "/assault/",
      },
      {
        "filters": [
          {
            "name": "charged_under_espionage_act",
            "title": "Charged under espionage act?",
            "type": "bool",
          },
        ],
        "id": 9,
        "symbol": "leak_case",
        "title": "Leak Case",
        "url": "/leak-case/",
      },
      {
        "filters": [
          {
            "choices": [
              [
                "TESTIMONY_ABOUT_SOURCE",
                "testimony about confidential source",
              ],
              [
                "OTHER_TESTIMONY",
                "other testimony",
              ],
              [
                "JOURNALIST_COMMUNICATIONS",
                "journalist communications or work product",
              ],
            ],
            "name": "subpoena_type",
            "title": "Subpoena type",
            "type": "choice",
          },
          {
            "choices": [
              [
                "UNKNOWN",
                "unknown",
              ],
              [
                "PENDING",
                "pending",
              ],
              [
                "DROPPED",
                "dropped",
              ],
              [
                "QUASHED",
                "quashed",
              ],
              [
                "UPHELD",
                "upheld",
              ],
              [
                "CARRIED_OUT",
                "carried out",
              ],
              [
                "IGNORED",
                "ignored",
              ],
              [
                "OBJECTED_TO",
                "objected to",
              ],
            ],
            "name": "subpoena_statuses",
            "title": "Subpoena status",
            "type": "choice",
          },
          {
            "name": "held_in_contempt",
            "title": "If subject refused to cooperate, were they held in contempt?",
            "type": "radio",
          },
          {
            "choices": [
              [
                "HELD_IN_CONTEMPT_NO_JAIL",
                "held in contempt but not jailed",
              ],
              [
                "IN_JAIL",
                "in jail",
              ],
              [
                "RELEASED",
                "released from jail",
              ],
            ],
            "name": "detention_status",
            "title": "Detention status",
            "type": "choice",
          },
          {
            "choices": [
              [
                "TELECOM",
                "telecom company",
              ],
              [
                "TECH_COMPANY",
                "tech company",
              ],
              [
                "ISP",
                "internet service provider",
              ],
              [
                "FINANCIAL",
                "bank/financial institution",
              ],
              [
                "TRAVEL",
                "travel company",
              ],
              [
                "OTHER",
                "other",
              ],
            ],
            "name": "third_party_business",
            "title": "Third party business",
            "type": "choice",
          },
          {
            "choices": [
              [
                "SUBPOENA",
                "subpoena",
              ],
              [
                "2703",
                "2703(d) court order",
              ],
              [
                "WARRANT",
                "warrant",
              ],
              [
                "NATIONAL_SECURITY_LETTER",
                "national security letter",
              ],
              [
                "FISA",
                "FISA order",
              ],
              [
                "OTHER",
                "other",
              ],
            ],
            "name": "legal_order_type",
            "title": "Legal order type",
            "type": "choice",
          },
        ],
        "id": 10,
        "symbol": "subpoena",
        "title": "Subpoena / Legal Order",
        "url": "/subpoena/",
      },
      {
        "filters": [
          {
            "autocomplete_type": "incident.Equipment",
            "choices": [
              "graph paper",
              "compass",
              "planimeter",
              "photometer",
              "protractor",
              "calculator",
              "timer",
              "abacus",
              "ruler",
              "hygrometer",
              "diffuser",
              "multimeter",
              "microscope",
            ],
            "many": true,
            "name": "equipment_broken",
            "title": "Equipment Broken",
            "type": "autocomplete",
          },
        ],
        "id": 11,
        "symbol": "equipment_damage",
        "title": "Equipment Damage",
        "url": "/equipment-damage/",
      },
      {
        "filters": [
          {
            "choices": [
              [
                "PENDING",
                "pending",
              ],
              [
                "DROPPED",
                "dropped",
              ],
              [
                "STRUCK_DOWN",
                "struck down",
              ],
              [
                "UPHELD",
                "upheld",
              ],
              [
                "IGNORED",
                "ignored",
              ],
            ],
            "name": "status_of_prior_restraint",
            "title": "Status of prior restraint",
            "type": "choice",
          },
        ],
        "id": 12,
        "symbol": "prior_restraint",
        "title": "Prior Restraint",
        "url": "/prior-restraint/",
      },
      {
        "filters": [],
        "id": 13,
        "symbol": "chilling_statement",
        "title": "Chilling Statement",
        "url": "/chilling-statement/",
      },
      {
        "filters": [],
        "id": 14,
        "symbol": "other_incident",
        "title": "Other Incident",
        "url": "/other-incident/",
      },
    ]
  }
  initialFilterParams={
    {
      "actor": {
        "enabled": false,
        "parameters": null,
        "type": "string",
      },
      "arrest_status": {
        "enabled": false,
        "parameters": null,
        "type": "string",
      },
      "arresting_authority": {
        "enabled": false,
        "parameters": null,
        "type": "string",
      },
      "assailant": {
        "enabled": false,
        "parameters": null,
        "type": "string",
      },
      "border_point": {
        "enabled": false,
        "parameters": null,
        "type": "string",
      },
      "case_number": {
        "enabled": false,
        "parameters": null,
        "type": "string",
      },
      "case_statuses": {
        "enabled": false,
        "parameters": null,
        "type": "string",
      },
      "case_type": {
        "enabled": false,
        "parameters": null,
        "type": "string",
      },
      "categories": {
        "enabled": true,
        "parameters": Set {},
        "type": "stringset",
      },
      "charged_under_espionage_act": {
        "enabled": false,
        "parameters": null,
        "type": "string",
      },
      "charges": {
        "enabled": false,
        "parameters": null,
        "type": "string",
      },
      "city": {
        "enabled": false,
        "parameters": null,
        "type": "string",
      },
      "date": {
        "enabled": false,
        "parameters": {
          "max": null,
          "min": null,
        },
        "type": "date",
      },
      "denial_of_entry": {
        "enabled": false,
        "parameters": null,
        "type": "string",
      },
      "detention_date": {
        "enabled": false,
        "parameters": {
          "max": null,
          "min": null,
        },
        "type": "date",
      },
      "detention_status": {
        "enabled": false,
        "parameters": null,
        "type": "string",
      },
      "did_authorities_ask_about_work": {
        "enabled": false,
        "parameters": null,
        "type": "string",
      },
      "did_authorities_ask_for_device_access": {
        "enabled": false,
        "parameters": null,
        "type": "string",
      },
      "equipment_broken": {
        "enabled": false,
        "parameters": null,
        "type": "string",
      },
      "equipment_seized": {
        "enabled": false,
        "parameters": null,
        "type": "string",
      },
      "held_in_contempt": {
        "enabled": false,
        "parameters": null,
        "type": "string",
      },
      "is_search_warrant_obtained": {
        "enabled": false,
        "parameters": null,
        "type": "string",
      },
      "lawsuit_name": {
        "enabled": false,
        "parameters": null,
        "type": "string",
      },
      "legal_order_information_requested": {
        "enabled": false,
        "parameters": null,
        "type": "string",
      },
      "legal_order_status": {
        "enabled": false,
        "parameters": null,
        "type": "string",
      },
      "legal_order_target": {
        "enabled": false,
        "parameters": null,
        "type": "string",
      },
      "legal_order_type": {
        "enabled": false,
        "parameters": null,
        "type": "string",
      },
      "legal_order_venue": {
        "enabled": false,
        "parameters": null,
        "type": "string",
      },
      "mistakenly_released_materials": {
        "enabled": false,
        "parameters": null,
        "type": "string",
      },
      "politicians_or_public_figures_involved": {
        "enabled": false,
        "parameters": null,
        "type": "string",
      },
      "recently_updated": {
        "enabled": false,
        "parameters": null,
        "type": "string",
      },
      "release_date": {
        "enabled": false,
        "parameters": {
          "max": null,
          "min": null,
        },
        "type": "date",
      },
      "search": {
        "enabled": false,
        "parameters": null,
        "type": "string",
      },
      "state": {
        "enabled": false,
        "parameters": null,
        "type": "string",
      },
      "status_of_charges": {
        "enabled": false,
        "parameters": null,
        "type": "string",
      },
      "status_of_prior_restraint": {
        "enabled": false,
        "parameters": null,
        "type": "string",
      },
      "status_of_seized_equipment": {
        "enabled": false,
        "parameters": null,
        "type": "string",
      },
      "stopped_previously": {
        "enabled": false,
        "parameters": null,
        "type": "string",
      },
      "subpoena_statuses": {
        "enabled": false,
        "parameters": null,
        "type": "string",
      },
      "subpoena_type": {
        "enabled": false,
        "parameters": null,
        "type": "string",
      },
      "tags": {
        "enabled": true,
        "parameters": Set {},
        "type": "stringset",
      },
      "target_nationality": {
        "enabled": false,
        "parameters": null,
        "type": "string",
      },
      "target_us_citizenship_status": {
        "enabled": false,
        "parameters": null,
        "type": "string",
      },
      "targeted_institutions": {
        "enabled": false,
        "parameters": null,
        "type": "string",
      },
      "targeted_journalists": {
        "enabled": false,
        "parameters": null,
        "type": "string",
      },
      "third_party_business": {
        "enabled": false,
        "parameters": null,
        "type": "string",
      },
      "third_party_in_possession_of_communications": {
        "enabled": false,
        "parameters": null,
        "type": "string",
      },
      "type_of_denial": {
        "enabled": false,
        "parameters": null,
        "type": "string",
      },
      "unnecessary_use_of_force": {
        "enabled": false,
        "parameters": null,
        "type": "string",
      },
      "venue": {
        "enabled": false,
        "parameters": null,
        "type": "string",
      },
      "was_journalist_targeted": {
        "enabled": false,
        "parameters": null,
        "type": "string",
      },
    }
  }
  width={272}
/>
`;
