// Jest Snapshot v1, https://jestjs.io/docs/snapshot-testing

exports[`renders FiltersIntegration with mocked data 1`] = `
<DocumentFragment>
  <section
    aria-labelledby="filter-sidebar-heading"
    class="filters__form"
  >
    <div
      class="filters__form--header"
    >
      <h2
        class="filter__heading"
        id="filter-sidebar-heading"
      >
        Filters
      </h2>
      <a
        class="btn btn-ghost"
        href="/all-incidents/"
      >
        Clear All
      </a>
    </div>
    <details
      class="filters__group filters__form--category"
      open=""
    >
      <summary
        class="filters__form-summary"
      >
        <h3
          class="filter__heading"
        >
          Category
        </h3>
      </summary>
      <div
        class="filters__form--fieldset"
      >
        <div
          class="category-graph"
        >
          <p
            class="category-graph--label"
            id="categories-graph-label"
          >
            Filter by one or more categories
          </p>
          <svg
            aria-labelledby="categories-graph-label"
            class="category-graph--figure"
            height="333.3333333333333"
            style="font-family: var(--font-mono);"
            width="500"
          >
            <g />
            <g />
            <g />
            <g>
              <foreignobject
                height="14"
                opacity="1"
                transform="translate(0, -7)"
                width="14"
                x="9.75"
                y="318.3333333333333"
              >
                <div
                  class="category category-arrest"
                />
              </foreignobject>
            </g>
            <g>
              <foreignobject
                height="14"
                opacity="1"
                transform="translate(0, -7)"
                width="14"
                x="94.29545454545455"
                y="318.3333333333333"
              >
                <div
                  class="category category-border_stop"
                />
              </foreignobject>
            </g>
            <g>
              <foreignobject
                height="14"
                opacity="0.3"
                transform="translate(0, -7)"
                width="14"
                x="178.8409090909091"
                y="318.3333333333333"
              >
                <div
                  class="category category-denial_of_access"
                />
              </foreignobject>
            </g>
            <g>
              <foreignobject
                height="14"
                opacity="1"
                transform="translate(0, -7)"
                width="14"
                x="263.3863636363636"
                y="318.3333333333333"
              >
                <div
                  class="category category-equipment_search"
                />
              </foreignobject>
            </g>
            <g>
              <foreignobject
                height="14"
                opacity="1"
                transform="translate(0, -7)"
                width="14"
                x="52.02272727272727"
                y="318.3333333333333"
              >
                <div
                  class="category category-assault"
                />
              </foreignobject>
            </g>
            <g>
              <foreignobject
                height="14"
                opacity="0.3"
                transform="translate(0, -7)"
                width="14"
                x="305.65909090909093"
                y="318.3333333333333"
              >
                <div
                  class="category category-leak_case"
                />
              </foreignobject>
            </g>
            <g>
              <foreignobject
                height="14"
                opacity="0.3"
                transform="translate(0, -7)"
                width="14"
                x="432.47727272727275"
                y="318.3333333333333"
              >
                <div
                  class="category category-subpoena"
                />
              </foreignobject>
            </g>
            <g>
              <foreignobject
                height="14"
                opacity="0.3"
                transform="translate(0, -7)"
                width="14"
                x="221.11363636363637"
                y="318.3333333333333"
              >
                <div
                  class="category category-equipment_damage"
                />
              </foreignobject>
            </g>
            <g>
              <foreignobject
                height="14"
                opacity="0.3"
                transform="translate(0, -7)"
                width="14"
                x="390.20454545454544"
                y="318.3333333333333"
              >
                <div
                  class="category category-prior_restraint"
                />
              </foreignobject>
            </g>
            <g>
              <foreignobject
                height="14"
                opacity="0.3"
                transform="translate(0, -7)"
                width="14"
                x="136.5681818181818"
                y="318.3333333333333"
              >
                <div
                  class="category category-chilling_statement"
                />
              </foreignobject>
            </g>
            <g>
              <foreignobject
                height="14"
                opacity="0.3"
                transform="translate(0, -7)"
                width="14"
                x="347.9318181818182"
                y="318.3333333333333"
              >
                <div
                  class="category category-other_incident"
                />
              </foreignobject>
            </g>
          </svg>
        </div>
        <div
          class="category-checkbox"
        >
          <input
            class="category-checkbox--input"
            id="arrest"
            type="checkbox"
          />
          <label
            class="category-checkbox--label"
            for="arrest"
          >
            <span
              class="category category-arrest"
            >
              Arrest / Criminal Charge
            </span>
            <span>
              2
            </span>
          </label>
        </div>
        <div
          class="category-checkbox"
        >
          <input
            class="category-checkbox--input"
            id="border_stop"
            type="checkbox"
          />
          <label
            class="category-checkbox--label"
            for="border_stop"
          >
            <span
              class="category category-border_stop"
            >
              Border Stop
            </span>
            <span>
              2
            </span>
          </label>
        </div>
        <div
          class="category-checkbox category-checkbox--disabled"
        >
          <input
            class="category-checkbox--input"
            id="denial_of_access"
            type="checkbox"
          />
          <label
            class="category-checkbox--label"
            for="denial_of_access"
          >
            <span
              class="category category-denial_of_access"
            >
              Denial of Access
            </span>
            <span>
              0
            </span>
          </label>
        </div>
        <div
          class="category-checkbox"
        >
          <input
            class="category-checkbox--input"
            id="equipment_search"
            type="checkbox"
          />
          <label
            class="category-checkbox--label"
            for="equipment_search"
          >
            <span
              class="category category-equipment_search"
            >
              Equipment Search or Seizure
            </span>
            <span>
              2
            </span>
          </label>
        </div>
        <div
          class="category-checkbox"
        >
          <input
            class="category-checkbox--input"
            id="assault"
            type="checkbox"
          />
          <label
            class="category-checkbox--label"
            for="assault"
          >
            <span
              class="category category-assault"
            >
              Assault
            </span>
            <span>
              1
            </span>
          </label>
        </div>
        <div
          class="category-checkbox category-checkbox--disabled"
        >
          <input
            class="category-checkbox--input"
            id="leak_case"
            type="checkbox"
          />
          <label
            class="category-checkbox--label"
            for="leak_case"
          >
            <span
              class="category category-leak_case"
            >
              Leak Case
            </span>
            <span>
              0
            </span>
          </label>
        </div>
        <div
          class="category-checkbox category-checkbox--disabled"
        >
          <input
            class="category-checkbox--input"
            id="subpoena"
            type="checkbox"
          />
          <label
            class="category-checkbox--label"
            for="subpoena"
          >
            <span
              class="category category-subpoena"
            >
              Subpoena / Legal Order
            </span>
            <span>
              0
            </span>
          </label>
        </div>
        <div
          class="category-checkbox category-checkbox--disabled"
        >
          <input
            class="category-checkbox--input"
            id="equipment_damage"
            type="checkbox"
          />
          <label
            class="category-checkbox--label"
            for="equipment_damage"
          >
            <span
              class="category category-equipment_damage"
            >
              Equipment Damage
            </span>
            <span>
              0
            </span>
          </label>
        </div>
        <div
          class="category-checkbox category-checkbox--disabled"
        >
          <input
            class="category-checkbox--input"
            id="prior_restraint"
            type="checkbox"
          />
          <label
            class="category-checkbox--label"
            for="prior_restraint"
          >
            <span
              class="category category-prior_restraint"
            >
              Prior Restraint
            </span>
            <span>
              0
            </span>
          </label>
        </div>
        <div
          class="category-checkbox category-checkbox--disabled"
        >
          <input
            class="category-checkbox--input"
            id="chilling_statement"
            type="checkbox"
          />
          <label
            class="category-checkbox--label"
            for="chilling_statement"
          >
            <span
              class="category category-chilling_statement"
            >
              Chilling Statement
            </span>
            <span>
              0
            </span>
          </label>
        </div>
        <div
          class="category-checkbox category-checkbox--disabled"
        >
          <input
            class="category-checkbox--input"
            id="other_incident"
            type="checkbox"
          />
          <label
            class="category-checkbox--label"
            for="other_incident"
          >
            <span
              class="category category-other_incident"
            >
              Other Incident
            </span>
            <span>
              0
            </span>
          </label>
        </div>
      </div>
    </details>
    <details
      class="filters__group filters__form--category"
      open=""
    >
      <summary
        class="filters__form-summary"
      >
        <h3
          class="filter__heading"
        >
          Tag
        </h3>
      </summary>
      <div
        class="filters__form--fieldset"
      >
        <div
          style="display: flex; flex-direction: row; margin-top: 12px; margin-bottom: 12px;"
        >
          <div
            style="display: flex; flex-direction: row-reverse; width: 35px;"
          >
            <input
              name="drone"
              style="width: 24px; height: 24px;"
              type="checkbox"
            />
          </div>
          <div
            style="display: flex; flex-direction: column; justify-content: flex-end;"
          >
            <div
              style="display: flex; flex-direction: row; justify-content: space-between; margin-bottom: 0px;"
            >
              <div
                style="color: black; font-size: 14px; line-height: 20px; font-family: var(--font-base);"
              >
                #lemur
              </div>
              <div
                style="font-family: var(--font-mono); font-size: 12px; justify-content: flex-end; padding: 3px;"
              >
                1
              </div>
            </div>
            <div
              style="width: 425px; height: 4px;"
            >
              <div
                style="z-index: -1; width: 420px; height: 3px; border: 1px solid black; background-color: black; transition: all 250ms;"
              />
              <div
                style="top: -4px; left: 1px; position: relative; width: 0px; height: 3px; background-color: rgb(242, 252, 103); transition: all 250ms;"
              />
            </div>
          </div>
        </div>
        <div
          style="display: flex; flex-direction: row; margin-top: 12px; margin-bottom: 12px;"
        >
          <div
            style="display: flex; flex-direction: row-reverse; width: 35px;"
          >
            <input
              name="drone"
              style="width: 24px; height: 24px;"
              type="checkbox"
            />
          </div>
          <div
            style="display: flex; flex-direction: column; justify-content: flex-end;"
          >
            <div
              style="display: flex; flex-direction: row; justify-content: space-between; margin-bottom: 0px;"
            >
              <div
                style="color: black; font-size: 14px; line-height: 20px; font-family: var(--font-base);"
              >
                #baboon
              </div>
              <div
                style="font-family: var(--font-mono); font-size: 12px; justify-content: flex-end; padding: 3px;"
              >
                1
              </div>
            </div>
            <div
              style="width: 425px; height: 4px;"
            >
              <div
                style="z-index: -1; width: 420px; height: 3px; border: 1px solid black; background-color: black; transition: all 250ms;"
              />
              <div
                style="top: -4px; left: 1px; position: relative; width: 0px; height: 3px; background-color: rgb(242, 252, 103); transition: all 250ms;"
              />
            </div>
          </div>
        </div>
        <div
          style="display: flex; flex-direction: row; margin-top: 12px; margin-bottom: 12px;"
        >
          <div
            style="display: flex; flex-direction: row-reverse; width: 35px;"
          >
            <input
              name="drone"
              style="width: 24px; height: 24px;"
              type="checkbox"
            />
          </div>
          <div
            style="display: flex; flex-direction: column; justify-content: flex-end;"
          >
            <div
              style="display: flex; flex-direction: row; justify-content: space-between; margin-bottom: 0px;"
            >
              <div
                style="color: black; font-size: 14px; line-height: 20px; font-family: var(--font-base);"
              >
                #civet
              </div>
              <div
                style="font-family: var(--font-mono); font-size: 12px; justify-content: flex-end; padding: 3px;"
              >
                1
              </div>
            </div>
            <div
              style="width: 425px; height: 4px;"
            >
              <div
                style="z-index: -1; width: 420px; height: 3px; border: 1px solid black; background-color: black; transition: all 250ms;"
              />
              <div
                style="top: -4px; left: 1px; position: relative; width: 0px; height: 3px; background-color: rgb(242, 252, 103); transition: all 250ms;"
              />
            </div>
          </div>
        </div>
        <input
          autocomplete="off"
          class="text-field--single"
          id="id_tags"
          name="tags"
          placeholder="Find tags..."
          type="text"
          value=""
        />
      </div>
    </details>
    <div
      class="filters__form--fieldset filters__form--general"
    >
      <div
        class="filters__field-row"
      >
        <div
          class="filters__field-label"
        >
          <label
            for="id_date_after"
          >
            Took place after
          </label>
        </div>
        <input
          id="id_date_after"
          name="date"
          type="date"
          value=""
        />
      </div>
      <div
        class="filters__field-row"
      >
        <div
          class="filters__field-label"
        >
          <label
            for="id_date_before"
          >
            Took place before
          </label>
        </div>
        <input
          id="id_date_before"
          name="date"
          type="date"
          value=""
        />
      </div>
      <div
        class="filters__field-row"
      >
        <div
          class="filters__field-label"
        >
          <label
            for="id_city"
          >
            City
          </label>
        </div>
        <input
          autocomplete="off"
          class="text-field--single"
          id="id_city"
          name="city"
          type="text"
          value=""
        />
      </div>
      <div
        class="filters__field-row"
      >
        <div
          class="filters__field-label"
        >
          <label
            for="id_state"
          >
            State
          </label>
        </div>
        <input
          autocomplete="off"
          class="text-field--single"
          id="id_state"
          list="state_choices"
          name="state"
          type="text"
          value=""
        />
        <datalist
          id="state_choices"
        >
          <option
            value="Alaska"
          />
          <option
            value="Alabama"
          />
          <option
            value="Arkansas"
          />
          <option
            value="American Samoa"
          />
          <option
            value="Arizona"
          />
          <option
            value="California"
          />
          <option
            value="Colorado"
          />
          <option
            value="Connecticut"
          />
          <option
            value="District of Columbia"
          />
          <option
            value="Delaware"
          />
          <option
            value="Florida"
          />
          <option
            value="Georgia"
          />
          <option
            value="Guam"
          />
          <option
            value="Hawaii"
          />
          <option
            value="Iowa"
          />
          <option
            value="Idaho"
          />
          <option
            value="Illinois"
          />
          <option
            value="Indiana"
          />
          <option
            value="Kansas"
          />
          <option
            value="Kentucky"
          />
          <option
            value="Louisiana"
          />
          <option
            value="Massachusetts"
          />
          <option
            value="Maryland"
          />
          <option
            value="Maine"
          />
          <option
            value="Michigan"
          />
          <option
            value="Minnesota"
          />
          <option
            value="Missouri"
          />
          <option
            value="Northern Mariana Islands"
          />
          <option
            value="Mississippi"
          />
          <option
            value="Montana"
          />
          <option
            value="North Carolina"
          />
          <option
            value="North Dakota"
          />
          <option
            value="Nebraska"
          />
          <option
            value="New Hampshire"
          />
          <option
            value="New Jersey"
          />
          <option
            value="New Mexico"
          />
          <option
            value="Nevada"
          />
          <option
            value="New York"
          />
          <option
            value="Ohio"
          />
          <option
            value="Oklahoma"
          />
          <option
            value="Oregon"
          />
          <option
            value="Pennsylvania"
          />
          <option
            value="Puerto Rico"
          />
          <option
            value="Rhode Island"
          />
          <option
            value="South Carolina"
          />
          <option
            value="South Dakota"
          />
          <option
            value="Tennessee"
          />
          <option
            value="Texas"
          />
          <option
            value="Utah"
          />
          <option
            value="Virginia"
          />
          <option
            value="Virgin Islands"
          />
          <option
            value="Vermont"
          />
          <option
            value="Washington"
          />
          <option
            value="Wisconsin"
          />
          <option
            value="West Virginia"
          />
          <option
            value="Wyoming"
          />
        </datalist>
      </div>
      <div
        class="filters__field-row"
      >
        <div
          class="filters__field-label"
        >
          <label
            for="id_targeted_journalists"
          >
            Targeted any of these journalists
          </label>
        </div>
        <input
          autocomplete="off"
          class="text-field--single"
          id="id_targeted_journalists"
          list="targeted_journalists_choices"
          name="targeted_journalists"
          type="text"
          value=""
        />
        <datalist
          id="targeted_journalists_choices"
        >
          <option
            value="Abigail Peterson"
          />
          <option
            value="Adam Buchanan"
          />
          <option
            value="Adam Lopez MD"
          />
          <option
            value="Alicia Savage"
          />
          <option
            value="Amanda Rosales"
          />
          <option
            value="Angela Davis"
          />
          <option
            value="Angela Johnson"
          />
          <option
            value="Anthony Black"
          />
          <option
            value="Anthony Ellison"
          />
          <option
            value="Anthony Poole"
          />
          <option
            value="April Olson"
          />
          <option
            value="Ariel Hill"
          />
          <option
            value="Austin Henry"
          />
          <option
            value="Brandi White"
          />
          <option
            value="Candace Glover"
          />
          <option
            value="Carl Hall"
          />
          <option
            value="Cassie Wall"
          />
        </datalist>
      </div>
      <div
        class="filters__field-row"
      >
        <div
          class="filters__field-label"
        >
          <label
            for="id_targeted_institutions"
          >
            Targeted institutions
          </label>
        </div>
        <input
          autocomplete="off"
          class="text-field--single"
          id="id_targeted_institutions"
          list="targeted_institutions_choices"
          name="targeted_institutions"
          type="text"
          value=""
        />
        <datalist
          id="targeted_institutions_choices"
        >
          <option
            value="The Aaronmouth Post 141"
          />
          <option
            value="The Alexanderbury Sun 191"
          />
          <option
            value="The Alexisberg Post 155"
          />
          <option
            value="The Amberport Tribune 100"
          />
          <option
            value="The Andrewview Tribune 39"
          />
          <option
            value="The Annaberg Tribune 145"
          />
          <option
            value="The Anneside Post 41"
          />
          <option
            value="The Ashleymouth Tribune 184"
          />
          <option
            value="The Austinborough Sun 164"
          />
          <option
            value="The Banksberg Herald 142"
          />
          <option
            value="The Batesland Post 126"
          />
          <option
            value="The Beckyview Daily News 128"
          />
          <option
            value="The Bellburgh Post 135"
          />
        </datalist>
      </div>
      <div
        class="filters__field-row"
      >
        <div
          class="filters__field-label"
        >
          <label
            for="id_case_number"
          >
            Case number
          </label>
        </div>
        <input
          autocomplete="off"
          class="text-field--single"
          id="id_case_number"
          name="case_number"
          type="text"
          value=""
        />
      </div>
      <div
        class="filters__field-row"
      >
        <div
          class="filters__field-label"
        >
          <label
            for="id_case_type"
          >
            Type of case
          </label>
        </div>
        <select
          id="id_case_type"
          name="case_type"
        >
          <option
            value=""
          >
            ------
          </option>
          <option
            value="CIVIL"
          >
            Civil
          </option>
          <option
            value="CLASS_ACTION"
          >
            Class Action
          </option>
        </select>
      </div>
      <div
        class="filters__field-row"
      >
        <div
          class="filters__field-label"
        >
          <label
            for="id_case_statuses"
          >
            Legal case statuses
          </label>
        </div>
        <select
          id="id_case_statuses"
          name="case_statuses"
        >
          <option
            value=""
          >
            ------
          </option>
          <option
            value="ONGOING"
          >
            ongoing
          </option>
          <option
            value="SETTLED"
          >
            settled
          </option>
          <option
            value="DISMISSED"
          >
            dismissed
          </option>
          <option
            value="UNKNOWN"
          >
            unknown
          </option>
          <option
            value="APPEALED"
          >
            appealed
          </option>
        </select>
      </div>
    </div>
    <div
      class="filters__form-actions"
    >
      <button
        class="btn btn-secondary filters__form--submit"
        type="submit"
      >
        Apply filters
      </button>
    </div>
    <div
      class="incident-index__filters-mobile-controls"
    >
      <a
        class="incident-index__filters-mobile-clear"
        href="{{ page.url }}"
      >
        Clear All
      </a>
      <button
        class="btn btn-secondary filters__form--submit"
        type="submit"
      >
        Apply filters
      </button>
    </div>
  </section>
</DocumentFragment>
`;
