// Jest Snapshot v1, https://jestjs.io/docs/snapshot-testing

exports[`renders FilterSidebar with mocked data 1`] = `
<DocumentFragment>
  <div>
    <div
      style="height: 100vh; display: flex; justify-content: center; align-items: center; opacity: 0.4; font-family: var(--font-base);"
    >
      <div>
        LOADING...
      </div>
    </div>
  </div>
</DocumentFragment>
`;
