// Jest Snapshot v1, https://jestjs.io/docs/snapshot-testing

exports[`renders CheckBoxesYear with mocked data 1`] = `
<DocumentFragment>
  <line
    style="stroke-width: 3px; stroke: black;"
    x1="Nov"
    x2="Apr"
    y1="400"
    y2="400"
  />
  <circle
    cx="Nov"
    cy="400"
    r="4"
    style="fill: black; stroke-width: 3;"
  />
  <circle
    cx="Dec"
    cy="400"
    r="4"
    style="fill: black; stroke-width: 3;"
  />
  <circle
    cx="Jan"
    cy="400"
    r="4"
    style="fill: black; stroke-width: 3;"
  />
  <circle
    cx="Feb"
    cy="400"
    r="4"
    style="fill: black; stroke-width: 3;"
  />
  <circle
    cx="Mar"
    cy="400"
    r="4"
    style="fill: black; stroke-width: 3;"
  />
  <circle
    cx="Apr"
    cy="400"
    r="4"
    style="fill: black; stroke-width: 3;"
  />
  <circle
    cx="Nov"
    cy="400"
    r="12"
    style="fill: white; stroke-width: 3; stroke: black;"
  />
</DocumentFragment>
`;
