// Jest Snapshot v1, https://goo.gl/fbAQLP

exports[`renders TimeMonthsFilter with mocked data 1`] = `
<div
  style={
    {
      "flexDirection": "row",
    }
  }
>
  <svg
    height={500}
    style={
      {
        "fontFamily": "var(--font-mono)",
      }
    }
    width={500}
  >
    <AnimatedDataset
      attrs={
        {
          "opacity": 1,
          "stroke": "black",
          "strokeWidth": [Function],
          "x1": 5,
          "x2": 500,
          "y1": [Function],
          "y2": [Function],
        }
      }
      dataset={
        [
          0,
          0.5,
          1,
        ]
      }
      duration={450}
      init={
        {
          "opacity": 0,
        }
      }
      keyFn={[Function]}
      tag="line"
    />
    <AnimatedDataset
      attrs={
        {
          "fontSize": 12,
          "opacity": 1,
          "text": [Function],
          "textAnchor": "end",
          "x": 500,
          "y": [Function],
        }
      }
      dataset={
        [
          0,
          0.5,
          1,
        ]
      }
      duration={450}
      init={
        {
          "opacity": 0,
        }
      }
      keyFn={[Function]}
      tag="text"
    />
    <AnimatedDataset
      attrs={
        {
          "fill": "black",
          "height": [Function],
          "key": [Function],
          "width": [Function],
          "x": [Function],
          "y": [Function],
        }
      }
      dataset={
        [
          {
            "count": 0,
            "date": "2020-01-01T00:00:00.000Z",
          },
          {
            "count": 0,
            "date": "2020-02-01T00:00:00.000Z",
          },
          {
            "count": 0,
            "date": "2020-03-01T00:00:00.000Z",
          },
          {
            "count": 0,
            "date": "2020-04-01T00:00:00.000Z",
          },
          {
            "count": 0,
            "date": "2020-05-01T00:00:00.000Z",
          },
          {
            "count": 1,
            "date": "2020-06-01T00:00:00.000Z",
          },
          {
            "count": 0,
            "date": "2020-07-01T00:00:00.000Z",
          },
          {
            "count": 0,
            "date": "2020-08-01T00:00:00.000Z",
          },
          {
            "count": 0,
            "date": "2020-09-01T00:00:00.000Z",
          },
          {
            "count": 0,
            "date": "2020-10-01T00:00:00.000Z",
          },
          {
            "count": 0,
            "date": "2020-11-01T00:00:00.000Z",
          },
          {
            "count": 0,
            "date": "2020-12-01T00:00:00.000Z",
          },
          {
            "count": 0,
            "date": "2021-01-01T00:00:00.000Z",
          },
          {
            "count": 0,
            "date": "2021-02-01T00:00:00.000Z",
          },
          {
            "count": 0,
            "date": "2021-03-01T00:00:00.000Z",
          },
          {
            "count": 0,
            "date": "2021-04-01T00:00:00.000Z",
          },
          {
            "count": 0,
            "date": "2021-05-01T00:00:00.000Z",
          },
          {
            "count": 0,
            "date": "2021-06-01T00:00:00.000Z",
          },
          {
            "count": 0,
            "date": "2021-07-01T00:00:00.000Z",
          },
          {
            "count": 0,
            "date": "2021-08-01T00:00:00.000Z",
          },
          {
            "count": 0,
            "date": "2021-09-01T00:00:00.000Z",
          },
          {
            "count": 0,
            "date": "2021-10-01T00:00:00.000Z",
          },
          {
            "count": 0,
            "date": "2021-11-01T00:00:00.000Z",
          },
          {
            "count": 0,
            "date": "2021-12-01T00:00:00.000Z",
          },
        ]
      }
      duration={300}
      keyFn={[Function]}
      tag="rect"
    />
    <AnimatedDataset
      attrs={
        {
          "fill": "#F2FC67",
          "height": [Function],
          "key": [Function],
          "width": [Function],
          "x": [Function],
          "y": [Function],
        }
      }
      dataset={
        [
          {
            "count": 0,
            "date": "2020-01-01T00:00:00.000Z",
          },
          {
            "count": 0,
            "date": "2020-02-01T00:00:00.000Z",
          },
          {
            "count": 0,
            "date": "2020-03-01T00:00:00.000Z",
          },
          {
            "count": 0,
            "date": "2020-04-01T00:00:00.000Z",
          },
          {
            "count": 0,
            "date": "2020-05-01T00:00:00.000Z",
          },
          {
            "count": 1,
            "date": "2020-06-01T00:00:00.000Z",
          },
          {
            "count": 0,
            "date": "2020-07-01T00:00:00.000Z",
          },
          {
            "count": 0,
            "date": "2020-08-01T00:00:00.000Z",
          },
          {
            "count": 0,
            "date": "2020-09-01T00:00:00.000Z",
          },
          {
            "count": 0,
            "date": "2020-10-01T00:00:00.000Z",
          },
          {
            "count": 0,
            "date": "2020-11-01T00:00:00.000Z",
          },
          {
            "count": 0,
            "date": "2020-12-01T00:00:00.000Z",
          },
          {
            "count": 0,
            "date": "2021-01-01T00:00:00.000Z",
          },
          {
            "count": 0,
            "date": "2021-02-01T00:00:00.000Z",
          },
          {
            "count": 0,
            "date": "2021-03-01T00:00:00.000Z",
          },
          {
            "count": 0,
            "date": "2021-04-01T00:00:00.000Z",
          },
          {
            "count": 0,
            "date": "2021-05-01T00:00:00.000Z",
          },
          {
            "count": 0,
            "date": "2021-06-01T00:00:00.000Z",
          },
          {
            "count": 0,
            "date": "2021-07-01T00:00:00.000Z",
          },
          {
            "count": 0,
            "date": "2021-08-01T00:00:00.000Z",
          },
          {
            "count": 0,
            "date": "2021-09-01T00:00:00.000Z",
          },
          {
            "count": 0,
            "date": "2021-10-01T00:00:00.000Z",
          },
          {
            "count": 0,
            "date": "2021-11-01T00:00:00.000Z",
          },
          {
            "count": 0,
            "date": "2021-12-01T00:00:00.000Z",
          },
        ]
      }
      duration={300}
      keyFn={[Function]}
      tag="rect"
    />
    <AnimatedDataset
      attrs={
        {
          "d": [Function],
          "fill": "none",
          "stroke": "black",
          "strokeWidth": 1,
        }
      }
      dataset={
        [
          [
            {
              "count": 0,
              "date": "2020-01-01T00:00:00.000Z",
            },
            {
              "count": 0,
              "date": "2020-02-01T00:00:00.000Z",
            },
            {
              "count": 0,
              "date": "2020-03-01T00:00:00.000Z",
            },
            {
              "count": 0,
              "date": "2020-04-01T00:00:00.000Z",
            },
            {
              "count": 0,
              "date": "2020-05-01T00:00:00.000Z",
            },
            {
              "count": 1,
              "date": "2020-06-01T00:00:00.000Z",
            },
            {
              "count": 0,
              "date": "2020-07-01T00:00:00.000Z",
            },
            {
              "count": 0,
              "date": "2020-08-01T00:00:00.000Z",
            },
            {
              "count": 0,
              "date": "2020-09-01T00:00:00.000Z",
            },
            {
              "count": 0,
              "date": "2020-10-01T00:00:00.000Z",
            },
            {
              "count": 0,
              "date": "2020-11-01T00:00:00.000Z",
            },
            {
              "count": 0,
              "date": "2020-12-01T00:00:00.000Z",
            },
            {
              "count": 0,
              "date": "2021-01-01T00:00:00.000Z",
            },
            {
              "count": 0,
              "date": "2021-02-01T00:00:00.000Z",
            },
            {
              "count": 0,
              "date": "2021-03-01T00:00:00.000Z",
            },
            {
              "count": 0,
              "date": "2021-04-01T00:00:00.000Z",
            },
            {
              "count": 0,
              "date": "2021-05-01T00:00:00.000Z",
            },
            {
              "count": 0,
              "date": "2021-06-01T00:00:00.000Z",
            },
            {
              "count": 0,
              "date": "2021-07-01T00:00:00.000Z",
            },
            {
              "count": 0,
              "date": "2021-08-01T00:00:00.000Z",
            },
            {
              "count": 0,
              "date": "2021-09-01T00:00:00.000Z",
            },
            {
              "count": 0,
              "date": "2021-10-01T00:00:00.000Z",
            },
            {
              "count": 0,
              "date": "2021-11-01T00:00:00.000Z",
            },
            {
              "count": 0,
              "date": "2021-12-01T00:00:00.000Z",
            },
          ],
        ]
      }
      duration={300}
      keyFn={[Function]}
      tag="path"
    />
  </svg>
  <div
    style={
      {
        "display": "flex",
        "justifyContent": "space-between",
        "width": "100%",
      }
    }
  >
    <input
      max="2022-01-01"
      min="2020-01-01"
      onChange={[Function]}
      style={
        {
          "flexBasis": "50%",
        }
      }
      type="date"
      value="2020-01-01"
    />
    <input
      max="2022-01-01"
      min="2020-01-01"
      onChange={[Function]}
      style={
        {
          "flexBasis": "50%",
        }
      }
      type="date"
      value="2022-01-01"
    />
  </div>
</div>
`;
