// Jest Snapshot v1, https://jestjs.io/docs/snapshot-testing

exports[`renders TimeMonthsFilter with mocked data 1`] = `
<DocumentFragment>
  <div
    style="flex-direction: row;"
  >
    <svg
      height="500"
      style="font-family: var(--font-mono);"
      width="500"
    >
      <g />
      <g />
      <g />
      <g />
      <g />
    </svg>
    <div
      style="display: flex; width: 100%; justify-content: space-between;"
    >
      <input
        max="2022-01-01"
        min="2020-01-01"
        style="flex-basis: 50%;"
        type="date"
        value="2020-01-01"
      />
      <input
        max="2022-01-01"
        min="2020-01-01"
        style="flex-basis: 50%;"
        type="date"
        value="2022-01-01"
      />
    </div>
  </div>
</DocumentFragment>
`;
