// Jest Snapshot v1, https://jestjs.io/docs/snapshot-testing

exports[`renders Tooltip with mocked data 1`] = `
<body>
  <div />
  <div
    style="position: fixed; top: -40px; left: 30px; background-color: white; border: 5px solid black; pointer-events: none; padding: 12px; z-index: 2;"
  >
    test
  </div>
</body>
`;
